---
source: crates/urollup-core/tests/snapshots.rs
expression: snapshot(&ingested)
---
ledger:
  candidate_sets: []
  coverage:
    candidate_sets: 0
    conflicting_keys: 0
    conflicting_rereads: 0
    copies: 1
    copy_only_requests: 0
    observations: 4
    requests: 1
    requests_without_usage: 0
    rereads: 0
    unresolved_requests: 0
  diagnostics: []
  gaps: []
  requests:
    - account: unknown
      aliases:
        - req-v1-5cbpcjb97mh03q6nzqw001052f
      basis: native
      copies:
        - length: 854
          offset: 0
          source: src-v1-24nph10wxwt80400z722ewnrqm
      counting: counted
      effort: ~
      evidence:
        - length: 804
          offset: 338
          source: src-v1-1fwxcqgfzgdpyqwz4h5vz25vjd
        - length: 765
          offset: 1143
          source: src-v1-1fwxcqgfzgdpyqwz4h5vz25vjd
        - length: 854
          offset: 1909
          source: src-v1-1fwxcqgfzgdpyqwz4h5vz25vjd
      first_seen: "2026-09-01T10:00:01Z"
      id: req-v1-6ywdqwmyam9kzy10kdv7v4319k
      last_seen: "2026-09-01T10:00:01.9Z"
      model:
        basis: Served
        name: claude-sonnet-4-5
      ownership:
        owned: thr-v1-651kv0qwp91s22cgbfhfyj1818
      selected_usage:
        revision:
          evidence:
            length: 854
            offset: 1909
            source: src-v1-1fwxcqgfzgdpyqwz4h5vz25vjd
          model_usage: []
          usage:
            measures:
              cache_read: 40000
              cache_write_1h: 0
              cache_write_5m: 0
              cache_write_unspecified: ~
              output: 600
              provider_only: ~
              reasoning: ~
              uncached_input: 3
        rule: claude-largest-output
        status: Selected
manifest:
  entries:
    - changes: []
      complete: true
      counters:
        blank_lines: 0
        decoded: 3
        malformed: 0
        oversized: 0
        records: 4
        skipped: 1
        unparsable: 0
      cutoff:
        complete_through: 2764
        pending_tail: ~
      dialect: claude-project
      environment: local
      failures: []
      file_len: 2764
      fingerprint: 45gb5mr9ebn207bqd7b6sb5vra
      first_malformed: ~
      locator: projects/-Users-example-project/00000000-0000-4000-8000-000100000001.jsonl
      representation: Plain
      source: src-v1-1fwxcqgfzgdpyqwz4h5vz25vjd
      twin: false
    - changes: []
      complete: true
      counters:
        blank_lines: 0
        decoded: 1
        malformed: 0
        oversized: 0
        records: 1
        skipped: 0
        unparsable: 0
      cutoff:
        complete_through: 855
        pending_tail: ~
      dialect: claude-project
      environment: local
      failures: []
      file_len: 855
      fingerprint: 14pk7nd4bs1fadezrajcc86wjp
      first_malformed: ~
      locator: projects/-Users-example-project/00000000-0000-4000-8000-000100000002.jsonl
      representation: Plain
      source: src-v1-24nph10wxwt80400z722ewnrqm
      twin: false
  skipped_links: []
